// Jest Snapshot v1, https://goo.gl/fbAQLP

exports[`SingleOpenAccordionGroup renders with default state open matches snapshot (no margin) 1`] = `
.c4 {
  -webkit-align-items: center;
  -webkit-box-align: center;
  -ms-flex-align: center;
  align-items: center;
  -webkit-appearance: none;
  -moz-appearance: none;
  appearance: none;
  background: inherit;
  border: 1px solid;
  border-radius: 1.5rem;
  box-sizing: border-box;
  color: inherit;
  display: -webkit-inline-box;
  display: -webkit-inline-flex;
  display: -ms-inline-flexbox;
  display: inline-flex;
  font-family: inherit;
  font-size: 0.75rem;
  font-weight: var(--font-bold);
  -webkit-box-pack: center;
  -webkit-justify-content: center;
  -ms-flex-pack: center;
  justify-content: center;
  -webkit-letter-spacing: 0.025rem;
  -moz-letter-spacing: 0.025rem;
  -ms-letter-spacing: 0.025rem;
  letter-spacing: 0.025rem;
  line-height: 1rem;
  min-height: var(--size-2x);
  min-width: 2rem;
  outline: none;
  padding: 0 var(--spacing-2x);
  text-transform: uppercase;
  -webkit-user-select: none;
  -moz-user-select: none;
  -ms-user-select: none;
  user-select: none;
}

.c4:focus {
  outline: none;
}

.c4:focus {
  outline: none;
  border-color: #006296;
  box-shadow: 0 0 0 2px #84C6EA;
}

.c4:not(:disabled) {
  cursor: pointer;
}

.c4 > svg {
  color: inherit;
  height: var(--size-1x);
  width: var(--size-1x);
}

.c3 {
  background-color: transparent;
  border-color: transparent;
  color: #60666E;
}

.c3:focus {
  outline: none;
}

.c3:focus {
  outline: none;
  border-color: #006296;
  box-shadow: 0 0 0 2px #84C6EA;
}

.c3:hover,
.c3[aria-expanded='true'] {
  background-color: #DBDEE1;
  color: #000000;
}

.c3:disabled {
  background-color: transparent;
  color: #B7BBC2;
}

.c3:focus {
  background-color: #FFFFFF;
  border-color: #006296;
  color: #60666E;
}

.c1 {
  font-size: 1.25rem;
  font-weight: var(--font-normal);
  line-height: 2rem;
  margin: 0;
}

.c5 {
  border: 0;
  border-top-width: 0;
  margin-bottom: 8px;
  border-radius: 0 0 4px 4px;
  background: #FAFAFA;
  color: #1B1C1E;
  font-size: 0.75rem;
  font-weight: 400;
  line-height: 1.7;
  -webkit-letter-spacing: 0.24px;
  -moz-letter-spacing: 0.24px;
  -ms-letter-spacing: 0.24px;
  letter-spacing: 0.24px;
  padding: 0;
  min-height: 0;
  overflow: hidden;
  height: 0;
  -webkit-transition: height 300ms cubic-bezier(0.25,0.46,0.45,0.94) 0ms;
  transition: height 300ms cubic-bezier(0.25,0.46,0.45,0.94) 0ms;
}

.c0 {
  border: 1px solid #60666E;
  border-bottom-color: #60666E;
  border-radius: 4px;
}

.c2 {
  text-transform: none;
  font-size: .875rem;
  line-height: 24px;
  font-weight: 400;
  -webkit-letter-spacing: 0.24px;
  -moz-letter-spacing: 0.24px;
  -ms-letter-spacing: 0.24px;
  letter-spacing: 0.24px;
  width: 100%;
  border-radius: 4px;
  padding: 8px;
  -webkit-box-pack: start;
  -webkit-justify-content: start;
  -ms-flex-pack: start;
  justify-content: start;
}

.c2[aria-expanded="true"] {
  background: #FFFFFF;
}

.c2 > svg {
  color: #60666E;
  padding: 4px;
  margin-right: 4px;
}

<Accordion
  id="1"
  noMargin={true}
  title="Panel 1"
>
  <AccordionItem
    headerId="idHeader1"
    noMargin={true}
    onToggle={[Function]}
    panelId="idPanel1"
    tag="h3"
    title="Panel 1"
    type="medium"
  >
    <Styled(Heading)
      className="accordion-header"
      isExpanded={false}
      noMargin={true}
      tag="h3"
      type="medium"
    >
      <Heading
        className="c0 accordion-header"
        isExpanded={false}
        noMargin={true}
        tag="h3"
        type="medium"
      >
        <styled.h3
          as="h3"
          className="c0 accordion-header"
          noMargin={true}
        >
          <h3
            className="c1 c0 accordion-header"
          >
            <Styled(Button)
              aria-controls="idPanel1"
              aria-expanded={false}
              buttonType="tertiary"
              className="accordion-button"
              id="idHeader1"
              isExpanded={false}
              label="Panel 1"
              onClick={[Function]}
            >
              <Button
                aria-controls="idPanel1"
                aria-expanded={false}
                buttonType="tertiary"
                className="c2 accordion-button"
                id="idHeader1"
                isExpanded={false}
                label="Panel 1"
                onClick={[Function]}
              >
                <Styled(AbstractButton)
                  aria-controls="idPanel1"
                  aria-expanded={false}
                  buttonType="tertiary"
                  className="c2 accordion-button"
                  id="idHeader1"
                  isExpanded={false}
                  isMobile={false}
                  onClick={[Function]}
                  type="button"
                >
                  <AbstractButton
                    aria-controls="idPanel1"
                    aria-expanded={false}
                    buttonType="tertiary"
                    className="c3 c2 accordion-button"
                    id="idHeader1"
                    isExpanded={false}
                    isMobile={false}
                    onClick={[Function]}
                    type="button"
                  >
                    <styled.button
                      aria-controls="idPanel1"
                      aria-expanded={false}
                      buttonType="tertiary"
                      className="c3 c2 accordion-button"
                      id="idHeader1"
                      isExpanded={false}
                      isMobile={false}
                      onClick={[Function]}
                      type="button"
                    >
                      <button
                        aria-controls="idPanel1"
                        aria-expanded={false}
                        className="c4 c3 c2 accordion-button"
                        id="idHeader1"
                        onClick={[Function]}
                        type="button"
                      >
                        <Icon
                          aria-hidden="true"
                          color="currentColor"
                          name="carretRight"
                          size="24"
                        >
                          <svg
                            aria-hidden="true"
                            color="currentColor"
                            focusable={false}
                            height="24"
                            width="24"
                          />
                        </Icon>
                        Panel 1
                      </button>
                    </styled.button>
                  </AbstractButton>
                </Styled(AbstractButton)>
              </Button>
            </Styled(Button)>
          </h3>
        </styled.h3>
      </Heading>
    </Styled(Heading)>
    <styled.section
      aria-expanded={false}
      aria-labelledby="idHeader1"
      className="accordion-content"
      id="idPanel1"
      isExpanded={false}
      role="region"
    >
      <section
        aria-expanded={false}
        aria-labelledby="idHeader1"
        className="c5 accordion-content"
        id="idPanel1"
        role="region"
      >
        Content for Panel 1 
      </section>
    </styled.section>
  </AccordionItem>
</Accordion>
`;
