// Jest Snapshot v1, https://goo.gl/fbAQLP

exports[`Spinner Matches the snapshot 1`] = `
.c0 {
  color: #006296;
  height: 80px;
  width: 80px;
}

<svg
  class="c0"
/>
`;
