// Jest Snapshot v1, https://jestjs.io/docs/snapshot-testing

exports[`Circle Matches the snapshot 1`] = `
.c0 {
  display: block;
}

.c1 {
  -webkit-transform: rotate(90deg);
  -ms-transform: rotate(90deg);
  transform: rotate(90deg);
  -webkit-transform-origin: 50% 50%;
  -ms-transform-origin: 50% 50%;
  transform-origin: 50% 50%;
}

<svg
  class="c0"
  height="100%"
  viewBox="0 0 146 146"
  width="100%"
>
  <circle
    class=""
    cx="73"
    cy="73"
    fill="transparent"
    r="69"
    stroke="#DBDEE1"
    stroke-linecap="round"
    stroke-width="8"
  />
  <circle
    class="c1"
    cx="73"
    cy="73"
    fill="transparent"
    r="69"
    stroke="#ccc"
    stroke-dasharray="433.53978619539146 433.53978619539146"
    stroke-dashoffset="195.09290378792613"
    stroke-linecap="round"
    stroke-width="8"
  />
</svg>
`;
