// Jest Snapshot v1, https://goo.gl/fbAQLP

exports[`CurrencyInput Component matches snapshot (en-CA) 1`] = `
.c1 {
  margin: 0 0 var(--spacing-3x);
}

.c1 input,
.c1 select,
.c1 textarea {
  border-color: #60666E;
}

.c1 > :nth-child(0) {
  margin-bottom: var(--spacing-half);
}

.c2 {
  background: #FFFFFF;
  border: 1px solid #60666E;
  border-radius: var(--border-radius);
  box-sizing: border-box;
  color: #000000;
  font-family: inherit;
  font-size: 0.875rem;
  -webkit-letter-spacing: 0.015rem;
  -moz-letter-spacing: 0.015rem;
  -ms-letter-spacing: 0.015rem;
  letter-spacing: 0.015rem;
  line-height: 1.5rem;
  margin: 0;
  min-height: var(--size-2x);
  outline: none;
  padding: 0 var(--spacing-1x);
  width: 100%;
}

.c2::-webkit-input-placeholder {
  color: #60666E;
}

.c2::-moz-placeholder {
  color: #60666E;
}

.c2:-ms-input-placeholder {
  color: #60666E;
}

.c2::placeholder {
  color: #60666E;
}

.c2:disabled {
  background-color: #F1F2F2;
  border-color: #DBDEE1;
  color: #DBDEE1;
}

.c2:disabled,
.c2:disabled::-webkit-input-placeholder {
  color: #B7BBC2;
}

.c2:disabled,
.c2:disabled::-moz-placeholder {
  color: #B7BBC2;
}

.c2:disabled,
.c2:disabled:-ms-input-placeholder {
  color: #B7BBC2;
}

.c2:disabled,
.c2:disabled::placeholder {
  color: #B7BBC2;
}

.c2:not(:focus) {
  -webkit-transition: all .25s ease-in-out;
  transition: all .25s ease-in-out;
  outline: 2px solid transparent;
  outline-offset: -2px;
}

.c2:focus {
  -webkit-transition: all .25s ease-in-out;
  transition: all .25s ease-in-out;
  box-shadow: 0 0 0 2px #006296;
  outline: 2px solid #84C6EA;
  outline-offset: -2px;
}

.c0 input {
  text-align: left;
  width: 132px;
}

<div
  class="c0"
>
  <div
    class="c1"
    data-testid="field-container"
  >
    <input
      class="c2"
      data-testid="text-input"
      id="uuid1"
      inputmode="numeric"
      placeholder="$"
      type="text"
      value="$100.00"
    />
  </div>
</div>
`;

exports[`CurrencyInput Component matches snapshot (en-US) 1`] = `
.c1 {
  margin: 0 0 var(--spacing-3x);
}

.c1 input,
.c1 select,
.c1 textarea {
  border-color: #60666E;
}

.c1 > :nth-child(0) {
  margin-bottom: var(--spacing-half);
}

.c2 {
  background: #FFFFFF;
  border: 1px solid #60666E;
  border-radius: var(--border-radius);
  box-sizing: border-box;
  color: #000000;
  font-family: inherit;
  font-size: 0.875rem;
  -webkit-letter-spacing: 0.015rem;
  -moz-letter-spacing: 0.015rem;
  -ms-letter-spacing: 0.015rem;
  letter-spacing: 0.015rem;
  line-height: 1.5rem;
  margin: 0;
  min-height: var(--size-2x);
  outline: none;
  padding: 0 var(--spacing-1x);
  width: 100%;
}

.c2::-webkit-input-placeholder {
  color: #60666E;
}

.c2::-moz-placeholder {
  color: #60666E;
}

.c2:-ms-input-placeholder {
  color: #60666E;
}

.c2::placeholder {
  color: #60666E;
}

.c2:disabled {
  background-color: #F1F2F2;
  border-color: #DBDEE1;
  color: #DBDEE1;
}

.c2:disabled,
.c2:disabled::-webkit-input-placeholder {
  color: #B7BBC2;
}

.c2:disabled,
.c2:disabled::-moz-placeholder {
  color: #B7BBC2;
}

.c2:disabled,
.c2:disabled:-ms-input-placeholder {
  color: #B7BBC2;
}

.c2:disabled,
.c2:disabled::placeholder {
  color: #B7BBC2;
}

.c2:not(:focus) {
  -webkit-transition: all .25s ease-in-out;
  transition: all .25s ease-in-out;
  outline: 2px solid transparent;
  outline-offset: -2px;
}

.c2:focus {
  -webkit-transition: all .25s ease-in-out;
  transition: all .25s ease-in-out;
  box-shadow: 0 0 0 2px #006296;
  outline: 2px solid #84C6EA;
  outline-offset: -2px;
}

.c0 input {
  text-align: left;
  width: 132px;
}

<div
  class="c0"
>
  <div
    class="c1"
    data-testid="field-container"
  >
    <input
      class="c2"
      data-testid="text-input"
      id="uuid1"
      inputmode="numeric"
      placeholder="$"
      type="text"
      value="$100.00"
    />
  </div>
</div>
`;

exports[`CurrencyInput Component matches snapshot (fr-CA) 1`] = `
.c1 {
  margin: 0 0 var(--spacing-3x);
}

.c1 input,
.c1 select,
.c1 textarea {
  border-color: #60666E;
}

.c1 > :nth-child(0) {
  margin-bottom: var(--spacing-half);
}

.c2 {
  background: #FFFFFF;
  border: 1px solid #60666E;
  border-radius: var(--border-radius);
  box-sizing: border-box;
  color: #000000;
  font-family: inherit;
  font-size: 0.875rem;
  -webkit-letter-spacing: 0.015rem;
  -moz-letter-spacing: 0.015rem;
  -ms-letter-spacing: 0.015rem;
  letter-spacing: 0.015rem;
  line-height: 1.5rem;
  margin: 0;
  min-height: var(--size-2x);
  outline: none;
  padding: 0 var(--spacing-1x);
  width: 100%;
}

.c2::-webkit-input-placeholder {
  color: #60666E;
}

.c2::-moz-placeholder {
  color: #60666E;
}

.c2:-ms-input-placeholder {
  color: #60666E;
}

.c2::placeholder {
  color: #60666E;
}

.c2:disabled {
  background-color: #F1F2F2;
  border-color: #DBDEE1;
  color: #DBDEE1;
}

.c2:disabled,
.c2:disabled::-webkit-input-placeholder {
  color: #B7BBC2;
}

.c2:disabled,
.c2:disabled::-moz-placeholder {
  color: #B7BBC2;
}

.c2:disabled,
.c2:disabled:-ms-input-placeholder {
  color: #B7BBC2;
}

.c2:disabled,
.c2:disabled::placeholder {
  color: #B7BBC2;
}

.c2:not(:focus) {
  -webkit-transition: all .25s ease-in-out;
  transition: all .25s ease-in-out;
  outline: 2px solid transparent;
  outline-offset: -2px;
}

.c2:focus {
  -webkit-transition: all .25s ease-in-out;
  transition: all .25s ease-in-out;
  box-shadow: 0 0 0 2px #006296;
  outline: 2px solid #84C6EA;
  outline-offset: -2px;
}

.c0 input {
  text-align: right;
  width: 132px;
}

<div
  class="c0"
>
  <div
    class="c1"
    data-testid="field-container"
  >
    <input
      class="c2"
      data-testid="text-input"
      id="uuid1"
      inputmode="numeric"
      placeholder="$"
      type="text"
      value="100,00Â $"
    />
  </div>
</div>
`;
