// Jest Snapshot v1, https://goo.gl/fbAQLP

exports[`Enso Spinner Matches the snapshot 1`] = `
.c0 {
  -webkit-animation: roll 1s infinite;
  animation: roll 1s infinite;
  -webkit-animation-timing-function: linear;
  animation-timing-function: linear;
  fill: #e2732d;
  height: 80px;
  width: 83px;
}

<svg
  className="c0"
/>
`;
