// Jest Snapshot v1, https://goo.gl/fbAQLP

exports[`SearchGlobal Matches the snapshot 1`] = `
<ForwardRef
  data-testid="search-input"
  defaultValue="foo"
  hasButton={true}
  label="Search"
  onSearch={[Function]}
/>
`;
