// Jest Snapshot v1, https://goo.gl/fbAQLP

exports[`Carousel should match snapshot 1`] = `
.c0 {
  -webkit-align-items: center;
  -webkit-box-align: center;
  -ms-flex-align: center;
  align-items: center;
  display: -webkit-box;
  display: -webkit-flex;
  display: -ms-flexbox;
  display: flex;
  word-break: break-word;
}

.c2 {
  height: 100%;
  margin: 0;
  overflow: hidden;
  padding: 0;
  width: 100%;
}

.c4 {
  -webkit-box-flex: 1;
  -webkit-flex-grow: 1;
  -ms-flex-positive: 1;
  flex-grow: 1;
  height: 100%;
  width: 100%;
}

.c3 {
  -webkit-align-items: center;
  -webkit-box-align: center;
  -ms-flex-align: center;
  align-items: center;
  display: -webkit-box;
  display: -webkit-flex;
  display: -ms-flexbox;
  display: flex;
}

.c5 {
  box-sizing: border-box;
  display: -webkit-box;
  display: -webkit-flex;
  display: -ms-flexbox;
  display: flex;
  -webkit-box-pack: center;
  -webkit-justify-content: center;
  -ms-flex-pack: center;
  justify-content: center;
  list-style: none;
  margin: 0;
  padding: 0;
}

.c7 {
  background-color: #006296;
  border: 1px solid transparent;
  border-radius: 50%;
  box-sizing: border-box;
  display: inline-block;
  height: 12px;
  width: 12px;
  margin-bottom: 2px;
}

.c7:not(:focus) {
  -webkit-transition: all .25s ease-in-out;
  transition: all .25s ease-in-out;
  box-shadow: none;
  outline: 2px solid transparent;
  outline-offset: -2px;
}

.c7:focus {
  -webkit-transition: all .25s ease-in-out;
  transition: all .25s ease-in-out;
  box-shadow: 0 0 0 2px #006296;
  outline: 2px solid #84C6EA;
  outline-offset: -2px;
}

.c6 + .c6 {
  margin-left: var(--spacing-1x);
}

.c8 {
  background-color: #DBDEE1;
  border: 1px solid transparent;
  border-radius: 50%;
  box-sizing: border-box;
  display: inline-block;
  height: 12px;
  width: 12px;
  margin-bottom: 2px;
}

.c8:not(:focus) {
  -webkit-transition: all .25s ease-in-out;
  transition: all .25s ease-in-out;
  box-shadow: none;
  outline: 2px solid transparent;
  outline-offset: -2px;
}

.c8:focus {
  -webkit-transition: all .25s ease-in-out;
  transition: all .25s ease-in-out;
  box-shadow: 0 0 0 2px #006296;
  outline: 2px solid #84C6EA;
  outline-offset: -2px;
}

.c6 + .c6 {
  margin-left: var(--spacing-1x);
}

.c1 {
  border: 1px solid transparent;
  height: 34px;
  visibility: hidden;
  width: 34px;
}

.c1:not(:focus) {
  -webkit-transition: all .25s ease-in-out;
  transition: all .25s ease-in-out;
  box-shadow: none;
  outline: 2px solid transparent;
  outline-offset: -2px;
}

.c1:focus {
  -webkit-transition: all .25s ease-in-out;
  transition: all .25s ease-in-out;
  box-shadow: 0 0 0 2px #006296;
  outline: 2px solid #84C6EA;
  outline-offset: -2px;
}

.c9 {
  border: 1px solid transparent;
  height: 34px;
  visibility: visible;
  width: 34px;
}

.c9:not(:focus) {
  -webkit-transition: all .25s ease-in-out;
  transition: all .25s ease-in-out;
  box-shadow: none;
  outline: 2px solid transparent;
  outline-offset: -2px;
}

.c9:focus {
  -webkit-transition: all .25s ease-in-out;
  transition: all .25s ease-in-out;
  box-shadow: 0 0 0 2px #006296;
  outline: 2px solid #84C6EA;
  outline-offset: -2px;
}

<section
  aria-roledescription="carousel"
  class="c0"
>
  <button
    aria-controls="uuid1"
    aria-label="previous"
    class="c1"
    data-testid="carousel-previous"
    disabled=""
    type="button"
  >
    <svg
      color="#60666E"
      focusable="false"
      height="100%"
      width="100%"
    />
  </button>
  <div
    class="c2"
  >
    <div
      aria-live="polite"
      class="c3"
      data-testid="carousel-slides"
      id="uuid1"
    >
      <div
        aria-hidden="true"
        aria-roledescription="slide"
        class="c4"
        data-testid="carousel-slide--1"
        role="group"
      >
        <div>
          Slide 5
        </div>
      </div>
      <div
        aria-hidden="false"
        aria-label="1 of 5"
        aria-roledescription="slide"
        class="c4"
        data-testid="carousel-slide-0"
        role="group"
      >
        <div>
          Slide 1
        </div>
      </div>
      <div
        aria-hidden="true"
        aria-label="2 of 5"
        aria-roledescription="slide"
        class="c4"
        data-testid="carousel-slide-1"
        role="group"
      >
        <div>
          Slide 2
        </div>
      </div>
      <div
        aria-hidden="true"
        aria-label="3 of 5"
        aria-roledescription="slide"
        class="c4"
        data-testid="carousel-slide-2"
        role="group"
      >
        <div>
          Slide 3
        </div>
      </div>
      <div
        aria-hidden="true"
        aria-label="4 of 5"
        aria-roledescription="slide"
        class="c4"
        data-testid="carousel-slide-3"
        role="group"
      >
        <div>
          Slide 4
        </div>
      </div>
      <div
        aria-hidden="true"
        aria-label="5 of 5"
        aria-roledescription="slide"
        class="c4"
        data-testid="carousel-slide-4"
        role="group"
      >
        <div>
          Slide 5
        </div>
      </div>
      <div
        aria-hidden="true"
        aria-roledescription="slide"
        class="c4"
        data-testid="carousel-slide-5"
        role="group"
      >
        <div>
          Slide 1
        </div>
      </div>
    </div>
    <div
      class="c5"
      data-testid="carousel-dots"
    >
      <button
        aria-controls="uuid1"
        aria-disabled="true"
        class="c6 c7"
        data-testid="carousel-dot-0"
      />
      <button
        aria-controls="uuid1"
        aria-disabled="false"
        class="c6 c8"
        data-testid="carousel-dot-1"
      />
      <button
        aria-controls="uuid1"
        aria-disabled="false"
        class="c6 c8"
        data-testid="carousel-dot-2"
      />
      <button
        aria-controls="uuid1"
        aria-disabled="false"
        class="c6 c8"
        data-testid="carousel-dot-3"
      />
      <button
        aria-controls="uuid1"
        aria-disabled="false"
        class="c6 c8"
        data-testid="carousel-dot-4"
      />
    </div>
  </div>
  <button
    aria-controls="uuid1"
    aria-label="next"
    class="c9"
    data-testid="carousel-next"
    type="button"
  >
    <svg
      color="#60666E"
      focusable="false"
      height="100%"
      width="100%"
    />
  </button>
</section>
`;
