// Jest Snapshot v1, https://jestjs.io/docs/snapshot-testing

exports[`Icon Matches the snapshot 1`] = `
<svg
  color="currentColor"
  focusable="false"
  height="24"
  width="24"
/>
`;
