// Jest Snapshot v1, https://goo.gl/fbAQLP

exports[`Radio button matches snapshot 1`] = `
.c1 {
  -webkit-appearance: none;
  -moz-appearance: none;
  appearance: none;
  background-color: #FFFFFF;
  border: 1px solid #60666E;
  border-radius: 50%;
  color: #FFFFFF;
  display: inline-block;
  -webkit-flex-shrink: 0;
  -ms-flex-negative: 0;
  flex-shrink: 0;
  height: var(--size-1x);
  margin: 0;
  margin-top: var(--spacing-half);
  position: relative;
  width: var(--size-1x);
}

.c1 + {
  outline: 2px solid transparent;
  outline-offset: -2px;
}

.c1:focus + {
  box-shadow: 0 0 0 2px #006296;
  outline: 2px solid #84C6EA;
  outline-offset: -2px;
}

.c1:checked {
  border: 2px solid #006296;
}

.c1:checked::after {
  background-color: #006296;
  border-radius: 50%;
  content: '';
  display: block;
  height: var(--size-half);
  left: 50%;
  position: absolute;
  top: 50%;
  -webkit-transform: translate(-50%,-50%);
  -ms-transform: translate(-50%,-50%);
  transform: translate(-50%,-50%);
  width: var(--size-half);
}

.c1:hover {
  background-color: #DBDEE1;
  border: 1px solid #000000;
}

.c2 {
  font-size: 0.875rem;
  line-height: 1.5rem;
  margin-left: var(--spacing-1x);
}

.c0 {
  -webkit-align-items: flex-start;
  -webkit-box-align: flex-start;
  -ms-flex-align: flex-start;
  align-items: flex-start;
  display: -webkit-inline-box;
  display: -webkit-inline-flex;
  display: -ms-inline-flexbox;
  display: inline-flex;
  margin-top: var(--spacing-1x);
  position: relative;
}

<RadioButton
  label="This is a label"
>
  <styled.div>
    <div
      className="c0"
    >
      <styled.input
        data-testid="radiobutton-uuid1"
        id="uuid1"
        type="radio"
      >
        <input
          className="c1"
          data-testid="radiobutton-uuid1"
          id="uuid1"
          type="radio"
        />
      </styled.input>
      <styled.label
        data-testid="radiobutton-uuid1_label"
        htmlFor="uuid1"
      >
        <label
          className="c2"
          data-testid="radiobutton-uuid1_label"
          htmlFor="uuid1"
        >
          This is a label
        </label>
      </styled.label>
    </div>
  </styled.div>
</RadioButton>
`;
