// Jest Snapshot v1, https://goo.gl/fbAQLP

exports[`CardLink Matches Snapshot 1`] = `
.c1 {
  color: currentColor;
  height: var(--size-1x);
  position: absolute;
  right: var(--spacing-3x);
  top: 50%;
  -webkit-transform: translateY(-50%);
  -ms-transform: translateY(-50%);
  transform: translateY(-50%);
  width: var(--size-1x);
}

.c0 {
  background-color: #FFFFFF;
  border: 1px solid #878F9A;
  border-radius: var(--border-radius-2x);
  box-shadow: 0 1px 4px 0 rgb(0 0 0 / 0.2);
  box-sizing: border-box;
  color: #1B1C1E;
  display: block;
  font-size: 1rem;
  font-weight: var(--font-semi-bold);
  line-height: 1.5rem;
  overflow: hidden;
  padding: var(--spacing-3x) var(--spacing-5x) var(--spacing-3x) var(--spacing-3x);
  position: relative;
  -webkit-text-decoration: none;
  text-decoration: none;
  text-overflow: ellipsis;
  white-space: nowrap;
  width: 100%;
}

.c0:hover {
  background-color: #DBDEE1;
  border-color: #000000;
}

.c0 {
  outline: 2px solid transparent;
  outline-offset: -2px;
}

.c0:focus-visible {
  box-shadow: 0 0 0 2px #006296;
  outline: 2px solid #84C6EA;
  outline-offset: -2px;
}

<a
  class="c0"
  href="/"
  title="Link Label"
>
  Link Label
  <svg
    aria-hidden="true"
    class="c1"
    color="currentColor"
    focusable="false"
    height="16"
    width="16"
  />
</a>
`;
