// Jest Snapshot v1, https://jestjs.io/docs/snapshot-testing

exports[`Theme Wrapper Returns component with custom theme 1`] = `
.c0 {
  -webkit-align-items: center;
  -webkit-box-align: center;
  -ms-flex-align: center;
  align-items: center;
  -webkit-appearance: none;
  -moz-appearance: none;
  appearance: none;
  background: inherit;
  border: 1px solid;
  border-radius: 1.5rem;
  box-sizing: border-box;
  color: inherit;
  display: -webkit-inline-box;
  display: -webkit-inline-flex;
  display: -ms-inline-flexbox;
  display: inline-flex;
  font-family: inherit;
  font-size: 0.75rem;
  font-weight: var(--font-bold);
  -webkit-box-pack: center;
  -webkit-justify-content: center;
  -ms-flex-pack: center;
  justify-content: center;
  -webkit-letter-spacing: 0.025rem;
  -moz-letter-spacing: 0.025rem;
  -ms-letter-spacing: 0.025rem;
  letter-spacing: 0.025rem;
  line-height: 1rem;
  min-height: var(--size-2x);
  min-width: 2rem;
  outline: none;
  padding: 0 var(--spacing-2x);
  text-transform: uppercase;
  -webkit-user-select: none;
  -moz-user-select: none;
  -ms-user-select: none;
  user-select: none;
}

.c0 {
  outline: 2px solid transparent;
  outline-offset: -2px;
}

.c0:focus-visible {
  box-shadow: 0 0 0 2px #00874E;
  outline: 2px solid #84C6EA;
  outline-offset: -2px;
}

.c0 > svg {
  height: var(--size-1x);
  width: var(--size-1x);
}

.c1 {
  background-color: #00874E;
  border-color: #00874E;
  color: #FFFFFF;
}

.c1 {
  outline: 2px solid transparent;
  outline-offset: -2px;
}

.c1:focus-visible {
  box-shadow: 0 0 0 2px #00874E;
  outline: 2px solid #84C6EA;
  outline-offset: -2px;
}

.c1:hover,
.c1[aria-expanded='true'] {
  background-color: #003A5A;
  border-color: #003A5A;
  color: #FFFFFF;
}

.c1[aria-disabled='true'] {
  background-color: #84C6EA;
  border-color: #84C6EA;
  color: #FFFFFF;
  cursor: not-allowed;
  pointer-events: none;
}

<button
  class="c0 c1"
  type="button"
/>
`;

exports[`Theme Wrapper Returns component with default theme 1`] = `
.c0 {
  -webkit-align-items: center;
  -webkit-box-align: center;
  -ms-flex-align: center;
  align-items: center;
  -webkit-appearance: none;
  -moz-appearance: none;
  appearance: none;
  background: inherit;
  border: 1px solid;
  border-radius: 1.5rem;
  box-sizing: border-box;
  color: inherit;
  display: -webkit-inline-box;
  display: -webkit-inline-flex;
  display: -ms-inline-flexbox;
  display: inline-flex;
  font-family: inherit;
  font-size: 0.75rem;
  font-weight: var(--font-bold);
  -webkit-box-pack: center;
  -webkit-justify-content: center;
  -ms-flex-pack: center;
  justify-content: center;
  -webkit-letter-spacing: 0.025rem;
  -moz-letter-spacing: 0.025rem;
  -ms-letter-spacing: 0.025rem;
  letter-spacing: 0.025rem;
  line-height: 1rem;
  min-height: var(--size-2x);
  min-width: 2rem;
  outline: none;
  padding: 0 var(--spacing-2x);
  text-transform: uppercase;
  -webkit-user-select: none;
  -moz-user-select: none;
  -ms-user-select: none;
  user-select: none;
}

.c0 {
  outline: 2px solid transparent;
  outline-offset: -2px;
}

.c0:focus-visible {
  box-shadow: 0 0 0 2px #006296;
  outline: 2px solid #84C6EA;
  outline-offset: -2px;
}

.c0 > svg {
  height: var(--size-1x);
  width: var(--size-1x);
}

.c1 {
  background-color: #006296;
  border-color: #006296;
  color: #FFFFFF;
}

.c1 {
  outline: 2px solid transparent;
  outline-offset: -2px;
}

.c1:focus-visible {
  box-shadow: 0 0 0 2px #006296;
  outline: 2px solid #84C6EA;
  outline-offset: -2px;
}

.c1:hover,
.c1[aria-expanded='true'] {
  background-color: #003A5A;
  border-color: #003A5A;
  color: #FFFFFF;
}

.c1[aria-disabled='true'] {
  background-color: #84C6EA;
  border-color: #84C6EA;
  color: #FFFFFF;
  cursor: not-allowed;
  pointer-events: none;
}

<button
  class="c0 c1"
  type="button"
/>
`;
